quarto : 
At line:1 char:1
+ quarto render *>&1 | 
Out-File 
render_error_new.log
+ ~~~~~~~~~~~~~~~~~~
    + CategoryInfo     
     : NotSpecified: 
(:String) [], RemoteE  
  xception
    + 
FullyQualifiedErrorId 
: NativeCommandError
 
[ 1/46] 
0.Introduction.qmd

Rendering PDF
running xelatex - 1
  This is XeTeX, 
Version 3.141592653-2.6
-0.999997 (MiKTeX 
25.12 Portable) 
(preloaded 
format=xelatex.fmt)
   restricted \write18 
enabled.
  entering extended 
mode
  miktex-dvipdfmx: 
major issue: So far, 
you have not checked 
for MiKTeX updates.
  xelatex: major 
issue: So far, you 
have not checked for 
MiKTeX updates.
  
running xelatex - 2
  This is XeTeX, 
Version 3.141592653-2.6
-0.999997 (MiKTeX 
25.12 Portable) 
(preloaded 
format=xelatex.fmt)
   restricted \write18 
enabled.
  entering extended 
mode
  miktex-dvipdfmx: 
major issue: So far, 
you have not checked 
for MiKTeX updates.
  xelatex: major 
issue: So far, you 
have not checked for 
MiKTeX updates.
  

WARN: Unable to 
resolve link target: 
0. Introduction.qmd
WARN: Unable to 
resolve link target: 
20. Network model.qmd

[ 2/46] 1. Linear 
Regression for 
continuous variable.qmd

Rendering PDF
running xelatex - 1
  This is XeTeX, 
Version 3.141592653-2.6
-0.999997 (MiKTeX 
25.12 Portable) 
(preloaded 
format=xelatex.fmt)
   restricted \write18 
enabled.
  entering extended 
mode
  miktex-dvipdfmx: 
major issue: So far, 
you have not checked 
for MiKTeX updates.
  xelatex: major 
issue: So far, you 
have not checked for 
MiKTeX updates.
  
running xelatex - 2
  This is XeTeX, 
Version 3.141592653-2.6
-0.999997 (MiKTeX 
25.12 Portable) 
(preloaded 
format=xelatex.fmt)
   restricted \write18 
enabled.
  entering extended 
mode
  miktex-dvipdfmx: 
major issue: So far, 
you have not checked 
for MiKTeX updates.
  xelatex: major 
issue: So far, you 
have not checked for 
MiKTeX updates.
  

WARN: Unable to 
resolve link target: 
0. Introduction.qmd

[ 3/46] 10. Dirichlet 
model.qmd

Rendering PDF
running xelatex - 1
  This is XeTeX, 
Version 3.141592653-2.6
-0.999997 (MiKTeX 
25.12 Portable) 
(preloaded 
format=xelatex.fmt)
   restricted \write18 
enabled.
  entering extended 
mode
  miktex-dvipdfmx: 
major issue: So far, 
you have not checked 
for MiKTeX updates.
  xelatex: major 
issue: So far, you 
have not checked for 
MiKTeX updates.
  
running xelatex - 2
  This is XeTeX, 
Version 3.141592653-2.6
-0.999997 (MiKTeX 
25.12 Portable) 
(preloaded 
format=xelatex.fmt)
   restricted \write18 
enabled.
  entering extended 
mode
  miktex-dvipdfmx: 
major issue: So far, 
you have not checked 
for MiKTeX updates.
  xelatex: major 
issue: So far, you 
have not checked for 
MiKTeX updates.
  

WARN: Unable to 
resolve link target: 
0. Introduction.qmd
WARN: Unable to 
resolve link target: 
9. Multinomial 
model.qmd

[ 4/46] 10. 
Multinomial model.qmd

Rendering PDF
running xelatex - 1
  This is XeTeX, 
Version 3.141592653-2.6
-0.999997 (MiKTeX 
25.12 Portable) 
(preloaded 
format=xelatex.fmt)
   restricted \write18 
enabled.
  entering extended 
mode
  miktex-dvipdfmx: 
major issue: So far, 
you have not checked 
for MiKTeX updates.
  xelatex: major 
issue: So far, you 
have not checked for 
MiKTeX updates.
  
running xelatex - 2
  This is XeTeX, 
Version 3.141592653-2.6
-0.999997 (MiKTeX 
25.12 Portable) 
(preloaded 
format=xelatex.fmt)
   restricted \write18 
enabled.
  entering extended 
mode
  miktex-dvipdfmx: 
major issue: So far, 
you have not checked 
for MiKTeX updates.
  xelatex: major 
issue: So far, you 
have not checked for 
MiKTeX updates.
  

WARN: Unable to 
resolve link target: 
0. Introduction.qmd

[ 5/46] 11. Zero 
inflated.qmd

Rendering PDF
running xelatex - 1
  This is XeTeX, 
Version 3.141592653-2.6
-0.999997 (MiKTeX 
25.12 Portable) 
(preloaded 
format=xelatex.fmt)
   restricted \write18 
enabled.
  entering extended 
mode
  miktex-dvipdfmx: 
major issue: So far, 
you have not checked 
for MiKTeX updates.
  xelatex: major 
issue: So far, you 
have not checked for 
MiKTeX updates.
  
running xelatex - 2
  This is XeTeX, 
Version 3.141592653-2.6
-0.999997 (MiKTeX 
25.12 Portable) 
(preloaded 
format=xelatex.fmt)
   restricted \write18 
enabled.
  entering extended 
mode
  miktex-dvipdfmx: 
major issue: So far, 
you have not checked 
for MiKTeX updates.
  xelatex: major 
issue: So far, you 
have not checked for 
MiKTeX updates.
  

WARN: Unable to 
resolve link target: 
0. Introduction.qmd

[ 6/46] 12. Survival 
analysis.qmd

Rendering PDF
running xelatex - 1
  This is XeTeX, 
Version 3.141592653-2.6
-0.999997 (MiKTeX 
25.12 Portable) 
(preloaded 
format=xelatex.fmt)
   restricted \write18 
enabled.
  entering extended 
mode
  miktex-dvipdfmx: 
major issue: So far, 
you have not checked 
for MiKTeX updates.
  xelatex: major 
issue: So far, you 
have not checked for 
MiKTeX updates.
  
running xelatex - 2
  This is XeTeX, 
Version 3.141592653-2.6
-0.999997 (MiKTeX 
25.12 Portable) 
(preloaded 
format=xelatex.fmt)
   restricted \write18 
enabled.
  entering extended 
mode
  miktex-dvipdfmx: 
major issue: So far, 
you have not checked 
for MiKTeX updates.
  xelatex: major 
issue: So far, you 
have not checked for 
MiKTeX updates.
  

WARN: Unable to 
resolve link target: 
0. Introduction.qmd

[ 7/46] 13. Varying 
intercepts.qmd

Rendering PDF
running xelatex - 1
  This is XeTeX, 
Version 3.141592653-2.6
-0.999997 (MiKTeX 
25.12 Portable) 
(preloaded 
format=xelatex.fmt)
   restricted \write18 
enabled.
  entering extended 
mode
  miktex-dvipdfmx: 
major issue: So far, 
you have not checked 
for MiKTeX updates.
  xelatex: major 
issue: So far, you 
have not checked for 
MiKTeX updates.
  
running xelatex - 2
  This is XeTeX, 
Version 3.141592653-2.6
-0.999997 (MiKTeX 
25.12 Portable) 
(preloaded 
format=xelatex.fmt)
   restricted \write18 
enabled.
  entering extended 
mode
  miktex-dvipdfmx: 
major issue: So far, 
you have not checked 
for MiKTeX updates.
  xelatex: major 
issue: So far, you 
have not checked for 
MiKTeX updates.
  

WARN: Unable to 
resolve link target: 
0. Introduction.qmd

[ 8/46] 14. Varying 
slopes.qmd

Rendering PDF
running xelatex - 1
  This is XeTeX, 
Version 3.141592653-2.6
-0.999997 (MiKTeX 
25.12 Portable) 
(preloaded 
format=xelatex.fmt)
   restricted \write18 
enabled.
  entering extended 
mode
  miktex-dvipdfmx: 
major issue: So far, 
you have not checked 
for MiKTeX updates.
  xelatex: major 
issue: So far, you 
have not checked for 
MiKTeX updates.
  
running xelatex - 2
  This is XeTeX, 
Version 3.141592653-2.6
-0.999997 (MiKTeX 
25.12 Portable) 
(preloaded 
format=xelatex.fmt)
   restricted \write18 
enabled.
  entering extended 
mode
  miktex-dvipdfmx: 
major issue: So far, 
you have not checked 
for MiKTeX updates.
  xelatex: major 
issue: So far, you 
have not checked for 
MiKTeX updates.
  

WARN: Unable to 
resolve link target: 
0. Introduction.qmd
WARN: Unable to 
resolve link target: 
2. Multiple continuous 
variable.qmd

[ 9/46] 15. Gaussian 
processes.qmd
WARN: Error parsing C:\
Users\Sosa\Documents\BI
\Documentation\15. 
Gaussian processes_file
s\execute-results\html.
json; it looks 
possibly like a git 
merge conflict.

Starting python3 
kernel...Done

Executing '15. 
Gaussian 
processes.quarto_ipynb'
  Cell 1/2: ''...

An error occurred 
while executing the 
following cell:
------------------
from BI import bi, jnp
import pandas as pd
# Setup device---------
-----------------------
----------------
m = bi(platform='cpu')

# Import Data & Data 
Manipulation ----------
-----------------------
---------------
# Import
from 
importlib.resources 
import files
data_path = m.load.klin
e2(only_path=True)
m.data(data_path, 
sep=';') 


data_path2 = 
files('BI.Resources') 
/ 
'islandsDistMatrix.csv'
islandsDistMatrix = pd.
read_csv(data_path2, 
index_col=0)

m.data_to_model(['total
_tools', 'population'])
m.data_on_model["societ
y"] = 
jnp.arange(0,10)# 
index observations
m.data_on_model["Dmat"]
 = islandsDistMatrix.va
lues # Distance matrix

def model(Dmat, 
population, society, 
total_tools):
    a = 
m.dist.exponential(1, 
name = 'a')
    b = 
m.dist.exponential(1, 
name = 'b')
    g = 
m.dist.exponential(1, 
name = 'g')

    # non-centered 
Gaussian Process prior
    etasq = 
m.dist.exponential(2, 
name = 'etasq')
    rhosq = m.dist.expo
nential(0.5, name = 
'rhosq')
    SIGMA = etasq * 
jnp.exp(-rhosq * 
jnp.square(Dmat))
    SIGMA = SIGMA.at[jn
p.diag_indices(Dmat.sha
pe[0])].add(etasq)
    k = m.dist.multivar
iate_normal(0, SIGMA, 
name = 'k')

    lambda_ = a * 
population**b / g * 
jnp.exp(k[society])

    m.dist.poisson(lamb
da_, obs=total_tools)

# Run sampler ---------
-----------------------
----------------
m.fit(model) 
m.summary()
------------------

----- stdout -----
jax.local_device_count 
16
------------------

[1;31m----------------
-----------------------
-----------------------
-------------[0m
[1;31mFileNotFoundErro
r[0m                  
       Traceback (most 
recent call last)
[1;32m~\AppData\Local\
Temp\ipykernel_24636\33
3644705.py[0m in 
[0;36m<cell line: 
0>[1;34m()[0m
[0;32m      8[0m 
[1;32mfrom[0m [0mimp
ortlib[0m[1;33m.[0m
[0mresources[0m 
[1;32mimport[0m [0mf
iles[0m[1;33m[0m[1;
33m[0m[0m
[0;32m      9[0m 
[0mdata_path[0m 
[1;33m=[0m [0mm[0m
[1;33m.[0m[0mload[0m
[1;33m.[0m[0mkline2
[0m[1;33m([0m[0monly
_path[0m[1;33m=[0m[
1;32mTrue[0m[1;33m)[
0m[1;33m[0m[1;33m[0
m[0m
[1;32m---> 10[1;33m 
[0mm[0m[1;33m.[0m[0
mdata[0m[1;33m([0m[
0mdata_path[0m[1;33m,
[0m [0msep[0m[1;33m
=[0m[1;34m';'[0m[1;
33m)[0m[1;33m[0m[1;
33m[0m[0m
[0m[0;32m     11[0m 
[1;33m[0m[0m
[0;32m     12[0m 
[1;33m[0m[0m

[1;32m~\Documents\BI\B
I\Data\manip.py[0m in 
[0;36mdata[1;34m(self
, path, **kwargs)[0m
[0;32m     42[0m     
    [0mself[0m[1;33m
.[0m[0mdata_original_
path[0m [1;33m=[0m 
[0mpath[0m[1;33m[0m
[1;33m[0m[0m
[0;32m     43[0m     
    [0mself[0m[1;33m
.[0m[0mdata_args[0m 
[1;33m=[0m [0mkwargs
[0m[1;33m[0m[1;33m
[0m[0m
[1;32m---> 44[1;33m  
       [0mself[0m[1;
33m.[0m[0mdf[0m 
[1;33m=[0m [0mpd[0m
[1;33m.[0m[0mread_cs
v[0m[1;33m([0m[0mpa
th[0m[1;33m,[0m [1;
33m**[0m[0mkwargs[0m
[1;33m)[0m[1;33m[0m
[1;33m[0m[0m
[0m[0;32m     45[0m 
        [0mself[0m[1
;33m.[0m[0mdata_modif
ication[0m 
[1;33m=[0m [1;33m{[
0m[1;33m}[0m[1;33m[
0m[1;33m[0m[0m
[0;32m     46[0m     
    [1;32mreturn[0m 
[0mself[0m[1;33m.[0m
[0mdf[0m[1;33m[0m[
1;33m[0m[0m

[1;32m~\AppData\Local\
Programs\Python\Python3
13\Lib\site-packages\pa
ndas\io\parsers\readers
.py[0m in [0;36mread_
csv[1;34m(filepath_or_
buffer, sep, 
delimiter, header, 
names, index_col, 
usecols, dtype, 
engine, converters, 
true_values, 
false_values, 
skipinitialspace, 
skiprows, skipfooter, 
nrows, na_values, 
keep_default_na, 
na_filter, verbose, 
skip_blank_lines, 
parse_dates, 
infer_datetime_format, 
keep_date_col, 
date_parser, 
date_format, dayfirst, 
cache_dates, iterator, 
chunksize, 
compression, 
thousands, decimal, 
lineterminator, 
quotechar, quoting, 
doublequote, 
escapechar, comment, 
encoding, 
encoding_errors, 
dialect, on_bad_lines, 
delim_whitespace, 
low_memory, 
memory_map, 
float_precision, 
storage_options, 
dtype_backend)[0m
[0;32m   1024[0m     
[0mkwds[0m[1;33m.[0
m[0mupdate[0m[1;33m(
[0m[0mkwds_defaults[
0m[1;33m)[0m[1;33m[
0m[1;33m[0m[0m
[0;32m   1025[0m 
[1;33m[0m[0m
[1;32m-> 1026[1;33m  
   [1;32mreturn[0m [
0m_read[0m[1;33m([0m
[0mfilepath_or_buffer
[0m[1;33m,[0m [0mkwd
s[0m[1;33m)[0m[1;33
m[0m[1;33m[0m[0m
[0m[0;32m   1027[0m 
[1;33m[0m[0m
[0;32m   1028[0m 
[1;33m[0m[0m

[1;32m~\AppData\Local\
Programs\Python\Python3
13\Lib\site-packages\pa
ndas\io\parsers\readers
.py[0m in [0;36m_read
[1;34m(filepath_or_buf
fer, kwds)[0m
[0;32m    618[0m 
[1;33m[0m[0m
[0;32m    619[0m     
[1;31m# Create the par
ser.[0m[1;33m[0m[1;
33m[0m[0m
[1;32m--> 620[1;33m  
   [0mparser[0m 
[1;33m=[0m [0mTextFi
leReader[0m[1;33m([0
m[0mfilepath_or_buffer
[0m[1;33m,[0m [1;33
m**[0m[0mkwds[0m[1;
33m)[0m[1;33m[0m[1;
33m[0m[0m
[0m[0;32m    621[0m 
[1;33m[0m[0m
[0;32m    622[0m     
[1;32mif[0m 
[0mchunksize[0m 
[1;32mor[0m [0mitera
tor[0m[1;33m:[0m[1;
33m[0m[1;33m[0m[0m

[1;32m~\AppData\Local\
Programs\Python\Python3
13\Lib\site-packages\pa
ndas\io\parsers\readers
.py[0m in [0;36m__ini
t__[1;34m(self, f, 
engine, **kwds)[0m
[0;32m   1618[0m 
[1;33m[0m[0m
[0;32m   1619[0m     
    [0mself[0m[1;33m
.[0m[0mhandles[0m[1
;33m:[0m 
[0mIOHandles[0m 
[1;33m|[0m 
[1;32mNone[0m 
[1;33m=[0m [1;32mNon
e[0m[1;33m[0m[1;33m
[0m[0m
[1;32m-> 1620[1;33m  
       [0mself[0m[1;
33m.[0m[0m_engine[0m
 [1;33m=[0m [0mself
[0m[1;33m.[0m[0m_mak
e_engine[0m[1;33m([0
m[0mf[0m[1;33m,[0m 
[0mself[0m[1;33m.[0
m[0mengine[0m[1;33m)
[0m[1;33m[0m[1;33m
[0m[0m
[0m[0;32m   1621[0m 
[1;33m[0m[0m
[0;32m   1622[0m     
[1;32mdef[0m [0mclos
e[0m[1;33m([0m[0mse
lf[0m[1;33m)[0m 
[1;33m->[0m [1;32mNo
ne[0m[1;33m:[0m[1;3
3m[0m[1;33m[0m[0m

[1;32m~\AppData\Local\
Programs\Python\Python3
13\Lib\site-packages\pa
ndas\io\parsers\readers
.py[0m in [0;36m_make
_engine[1;34m(self, 
f, engine)[0m
[0;32m   1878[0m     
            
[1;32mif[0m 
[1;34m"b"[0m 
[1;32mnot[0m 
[1;32min[0m [0mmode
[0m[1;33m:[0m[1;33m
[0m[1;33m[0m[0m
[0;32m   1879[0m     
                
[0mmode[0m 
[1;33m+=[0m [1;34m"b
"[0m[1;33m[0m[1;33m
[0m[0m
[1;32m-> 1880[1;33m  
           
self.handles = 
get_handle(
[0m[0;32m   1881[0m 
                [0mf[
0m[1;33m,[0m[1;33m[
0m[1;33m[0m[0m
[0;32m   1882[0m     
            [0mmode[0
m[1;33m,[0m[1;33m[0
m[1;33m[0m[0m

[1;32m~\AppData\Local\
Programs\Python\Python3
13\Lib\site-packages\pa
ndas\io\common.py[0m 
in [0;36mget_handle[1
;34m(path_or_buf, 
mode, encoding, 
compression, 
memory_map, is_text, 
errors, 
storage_options)[0m
[0;32m    871[0m     
    [1;32mif[0m [0mi
oargs[0m[1;33m.[0m[
0mencoding[0m 
[1;32mand[0m 
[1;34m"b"[0m 
[1;32mnot[0m 
[1;32min[0m [0mioarg
s[0m[1;33m.[0m[0mmo
de[0m[1;33m:[0m[1;3
3m[0m[1;33m[0m[0m
[0;32m    872[0m     
        [1;31m# Encodi
ng[0m[1;33m[0m[1;33
m[0m[0m
[1;32m--> 873[1;33m  
           handle = 
open(
[0m[0;32m    874[0m 
                [0mhan
dle[0m[1;33m,[0m[1;
33m[0m[1;33m[0m[0m
[0;32m    875[0m     
            [0mioargs
[0m[1;33m.[0m[0mmode
[0m[1;33m,[0m[1;33m
[0m[1;33m[0m[0m

[1;31mFileNotFoundErro
r[0m: [Errno 2] No 
such file or 
directory: 'C:\\Users\\
Sosa\\Documents\\BI\\BI
\\Resources\\Kline2.csv
'

WARN: Error 
encountered when 
rendering files
