quarto : 
At line:1 char:1
+ quarto render *>&1 | 
Out-File render_error.log
+ ~~~~~~~~~~~~~~~~~~
    + CategoryInfo            
  : NotSpecified:     
(:String) [], Remote    
Exception
    + FullyQualifiedErro    
rId : NativeCommandE    rror
 
[ 1/46] 0.Introduction.qmd

Rendering PDF
running xelatex - 1
  This is XeTeX, Version 
3.141592653-2.6-0.999997 
(MiKTeX 25.12 Portable) 
(preloaded format=xelatex.fmt)
   restricted \write18 
enabled.
  entering extended mode
  miktex-dvipdfmx: major 
issue: So far, you have not 
checked for MiKTeX updates.
  xelatex: major issue: So 
far, you have not checked for 
MiKTeX updates.
  
running xelatex - 2
  This is XeTeX, Version 
3.141592653-2.6-0.999997 
(MiKTeX 25.12 Portable) 
(preloaded format=xelatex.fmt)
   restricted \write18 
enabled.
  entering extended mode
  miktex-dvipdfmx: major 
issue: So far, you have not 
checked for MiKTeX updates.
  xelatex: major issue: So 
far, you have not checked for 
MiKTeX updates.
  

WARN: Unable to resolve link 
target: 0. Introduction.qmd
WARN: Unable to resolve link 
target: 20. Network model.qmd

[ 2/46] 1. Linear Regression 
for continuous variable.qmd

Rendering PDF
running xelatex - 1
  This is XeTeX, Version 
3.141592653-2.6-0.999997 
(MiKTeX 25.12 Portable) 
(preloaded format=xelatex.fmt)
   restricted \write18 
enabled.
  entering extended mode
  miktex-dvipdfmx: major 
issue: So far, you have not 
checked for MiKTeX updates.
  xelatex: major issue: So 
far, you have not checked for 
MiKTeX updates.
  
running xelatex - 2
  This is XeTeX, Version 
3.141592653-2.6-0.999997 
(MiKTeX 25.12 Portable) 
(preloaded format=xelatex.fmt)
   restricted \write18 
enabled.
  entering extended mode
  miktex-dvipdfmx: major 
issue: So far, you have not 
checked for MiKTeX updates.
  xelatex: major issue: So 
far, you have not checked for 
MiKTeX updates.
  

WARN: Unable to resolve link 
target: 0. Introduction.qmd

[ 3/46] 10. Dirichlet 
model.qmd

Rendering PDF
running xelatex - 1
  This is XeTeX, Version 
3.141592653-2.6-0.999997 
(MiKTeX 25.12 Portable) 
(preloaded format=xelatex.fmt)
   restricted \write18 
enabled.
  entering extended mode
  miktex-dvipdfmx: major 
issue: So far, you have not 
checked for MiKTeX updates.
  xelatex: major issue: So 
far, you have not checked for 
MiKTeX updates.
  
running xelatex - 2
  This is XeTeX, Version 
3.141592653-2.6-0.999997 
(MiKTeX 25.12 Portable) 
(preloaded format=xelatex.fmt)
   restricted \write18 
enabled.
  entering extended mode
  miktex-dvipdfmx: major 
issue: So far, you have not 
checked for MiKTeX updates.
  xelatex: major issue: So 
far, you have not checked for 
MiKTeX updates.
  

WARN: Unable to resolve link 
target: 0. Introduction.qmd
WARN: Unable to resolve link 
target: 9. Multinomial 
model.qmd

[ 4/46] 10. Multinomial 
model.qmd
WARN: Error parsing C:\Users\S
osa\Documents\BI\Documentation
\10. Multinomial model_files\e
xecute-results\html.json; it 
looks possibly like a git 
merge conflict.

Starting python3 kernel...Done

Executing '10. Multinomial 
model.quarto_ipynb'
  Cell 1/1: ''...

An error occurred while 
executing the following cell:
------------------
from BI import bi, jnp
import jax
# Setup device ---------------
------------------------------
---
m = bi('cpu')

# Import Data & Data 
Manipulation -----------------
------------------------------
-
# Import
data_path = m.load.sim_multino
mial(only_path=True)
m.data(data_path, sep=',') 

# Define model ---------------
------------------------------
---
def model(income, career):
    # Parameter prior 
distributions
    alpha = m.dist.normal(0, 
1, shape=(2,), name='a')
    beta = 
m.dist.half_normal(0.5, 
shape=(1,), name='b')
    s_1 = alpha[0] + beta * 
income[0]
    s_2 = alpha[1] + beta * 
income[1]
    s_3 = [0]
    p = 
jnp.exp(jnp.stack([s_1[0], 
s_2[0], s_3[0]]))
    # Likelihood
    m.dist.multinomial(probs 
= p[career], obs=career)
    
# Run sampler ----------------
------------------------------
-- 
m.fit(model)  

# Summary --------------------
----------------------------
m.summary()
------------------

----- stdout -----
jax.local_device_count 16
------------------

[1;31m-----------------------
------------------------------
----------------------[0m
[1;31mFileNotFoundError[0m  
                       
Traceback (most recent call 
last)
[1;32m~\AppData\Local\Temp\ip
ykernel_1852\1748312105.py[0m
 in [0;36m<cell line: 
0>[1;34m()[0m
[0;32m      7[0m [1;31m# Im
port[0m[1;33m[0m[1;33m[0m
[0m
[0;32m      8[0m 
[0mdata_path[0m 
[1;33m=[0m [0mm[0m[1;33m.
[0m[0mload[0m[1;33m.[0m[
0msim_multinomial[0m[1;33m(
[0m[0monly_path[0m[1;33m=[
0m[1;32mTrue[0m[1;33m)[0m
[1;33m[0m[1;33m[0m[0m
[1;32m----> 9[1;33m [0mm[0
m[1;33m.[0m[0mdata[0m[1;3
3m([0m[0mdata_path[0m[1;33
m,[0m [0msep[0m[1;33m=[0m
[1;34m','[0m[1;33m)[0m[1;
33m[0m[1;33m[0m[0m
[0m[0;32m     10[0m 
[1;33m[0m[0m
[0;32m     11[0m [1;31m# 
Define model -----------------
------------------------------
-[0m[1;33m[0m[1;33m[0m[0
m

[1;32m~\Documents\BI\BI\Data\
manip.py[0m in 
[0;36mdata[1;34m(self, 
path, **kwargs)[0m
[0;32m     42[0m         [0
mself[0m[1;33m.[0m[0mdata_
original_path[0m 
[1;33m=[0m [0mpath[0m[1;3
3m[0m[1;33m[0m[0m
[0;32m     43[0m         [0
mself[0m[1;33m.[0m[0mdata_
args[0m [1;33m=[0m [0mkwar
gs[0m[1;33m[0m[1;33m[0m[
0m
[1;32m---> 44[1;33m         
[0mself[0m[1;33m.[0m[0mdf
[0m [1;33m=[0m [0mpd[0m[
1;33m.[0m[0mread_csv[0m[1;
33m([0m[0mpath[0m[1;33m,[
0m [1;33m**[0m[0mkwargs[0m
[1;33m)[0m[1;33m[0m[1;33m
[0m[0m
[0m[0;32m     45[0m        
 [0mself[0m[1;33m.[0m[0md
ata_modification[0m 
[1;33m=[0m [1;33m{[0m[1;3
3m}[0m[1;33m[0m[1;33m[0m
[0m
[0;32m     46[0m         
[1;32mreturn[0m [0mself[0m
[1;33m.[0m[0mdf[0m[1;33m
[0m[1;33m[0m[0m

[1;32m~\AppData\Local\Program
s\Python\Python313\Lib\site-pa
ckages\pandas\io\parsers\reade
rs.py[0m in [0;36mread_csv[
1;34m(filepath_or_buffer, 
sep, delimiter, header, 
names, index_col, usecols, 
dtype, engine, converters, 
true_values, false_values, 
skipinitialspace, skiprows, 
skipfooter, nrows, na_values, 
keep_default_na, na_filter, 
verbose, skip_blank_lines, 
parse_dates, 
infer_datetime_format, 
keep_date_col, date_parser, 
date_format, dayfirst, 
cache_dates, iterator, 
chunksize, compression, 
thousands, decimal, 
lineterminator, quotechar, 
quoting, doublequote, 
escapechar, comment, 
encoding, encoding_errors, 
dialect, on_bad_lines, 
delim_whitespace, low_memory, 
memory_map, float_precision, 
storage_options, 
dtype_backend)[0m
[0;32m   1024[0m     [0mkwd
s[0m[1;33m.[0m[0mupdate[0
m[1;33m([0m[0mkwds_defaults
[0m[1;33m)[0m[1;33m[0m[1
;33m[0m[0m
[0;32m   1025[0m 
[1;33m[0m[0m
[1;32m-> 1026[1;33m     
[1;32mreturn[0m [0m_read[0
m[1;33m([0m[0mfilepath_or_b
uffer[0m[1;33m,[0m [0mkwds
[0m[1;33m)[0m[1;33m[0m[1
;33m[0m[0m
[0m[0;32m   1027[0m 
[1;33m[0m[0m
[0;32m   1028[0m 
[1;33m[0m[0m

[1;32m~\AppData\Local\Program
s\Python\Python313\Lib\site-pa
ckages\pandas\io\parsers\reade
rs.py[0m in [0;36m_read[1;3
4m(filepath_or_buffer, 
kwds)[0m
[0;32m    618[0m 
[1;33m[0m[0m
[0;32m    619[0m     
[1;31m# Create the parser.[0
m[1;33m[0m[1;33m[0m[0m
[1;32m--> 620[1;33m     
[0mparser[0m [1;33m=[0m [
0mTextFileReader[0m[1;33m([
0m[0mfilepath_or_buffer[0m[
1;33m,[0m [1;33m**[0m[0mkw
ds[0m[1;33m)[0m[1;33m[0m
[1;33m[0m[0m
[0m[0;32m    621[0m 
[1;33m[0m[0m
[0;32m    622[0m     
[1;32mif[0m 
[0mchunksize[0m 
[1;32mor[0m [0miterator[0m
[1;33m:[0m[1;33m[0m[1;33m
[0m[0m

[1;32m~\AppData\Local\Program
s\Python\Python313\Lib\site-pa
ckages\pandas\io\parsers\reade
rs.py[0m in 
[0;36m__init__[1;34m(self, 
f, engine, **kwds)[0m
[0;32m   1618[0m 
[1;33m[0m[0m
[0;32m   1619[0m         [0
mself[0m[1;33m.[0m[0mhandl
es[0m[1;33m:[0m 
[0mIOHandles[0m 
[1;33m|[0m [1;32mNone[0m 
[1;33m=[0m [1;32mNone[0m[
1;33m[0m[1;33m[0m[0m
[1;32m-> 1620[1;33m         
[0mself[0m[1;33m.[0m[0m_e
ngine[0m [1;33m=[0m [0msel
f[0m[1;33m.[0m[0m_make_eng
ine[0m[1;33m([0m[0mf[0m[
1;33m,[0m [0mself[0m[1;33m
.[0m[0mengine[0m[1;33m)[0
m[1;33m[0m[1;33m[0m[0m
[0m[0;32m   1621[0m 
[1;33m[0m[0m
[0;32m   1622[0m     
[1;32mdef[0m [0mclose[0m[
1;33m([0m[0mself[0m[1;33m)
[0m [1;33m->[0m [1;32mNone
[0m[1;33m:[0m[1;33m[0m[1
;33m[0m[0m

[1;32m~\AppData\Local\Program
s\Python\Python313\Lib\site-pa
ckages\pandas\io\parsers\reade
rs.py[0m in [0;36m_make_engi
ne[1;34m(self, f, engine)[0m
[0;32m   1878[0m            
     [1;32mif[0m 
[1;34m"b"[0m [1;32mnot[0m 
[1;32min[0m [0mmode[0m[1;
33m:[0m[1;33m[0m[1;33m[0m
[0m
[0;32m   1879[0m            
         [0mmode[0m 
[1;33m+=[0m [1;34m"b"[0m[
1;33m[0m[1;33m[0m[0m
[1;32m-> 1880[1;33m         
    self.handles = get_handle(
[0m[0;32m   1881[0m        
         [0mf[0m[1;33m,[0m
[1;33m[0m[1;33m[0m[0m
[0;32m   1882[0m            
     [0mmode[0m[1;33m,[0m
[1;33m[0m[1;33m[0m[0m

[1;32m~\AppData\Local\Program
s\Python\Python313\Lib\site-pa
ckages\pandas\io\common.py[0m
 in [0;36mget_handle[1;34m(p
ath_or_buf, mode, encoding, 
compression, memory_map, 
is_text, errors, 
storage_options)[0m
[0;32m    871[0m         
[1;32mif[0m [0mioargs[0m[
1;33m.[0m[0mencoding[0m 
[1;32mand[0m [1;34m"b"[0m 
[1;32mnot[0m [1;32min[0m 
[0mioargs[0m[1;33m.[0m[0mm
ode[0m[1;33m:[0m[1;33m[0m
[1;33m[0m[0m
[0;32m    872[0m            
 [1;31m# Encoding[0m[1;33m
[0m[1;33m[0m[0m
[1;32m--> 873[1;33m         
    handle = open(
[0m[0;32m    874[0m        
         [0mhandle[0m[1;33m
,[0m[1;33m[0m[1;33m[0m[0
m
[0;32m    875[0m            
     [0mioargs[0m[1;33m.[0
m[0mmode[0m[1;33m,[0m[1;3
3m[0m[1;33m[0m[0m

[1;31mFileNotFoundError[0m: 
[Errno 2] No such file or 
directory: 'C:\\Users\\Sosa\\D
ocuments\\BI\\BI\\Resources\\S
im data multinomial.csv'

WARN: Error encountered when 
rendering files
